// Jest Snapshot v1, https://goo.gl/fbAQLP

exports[`renders 1`] = `ShallowWrapper {}`;

exports[`renders shallow match 1`] = `ShallowWrapper {}`;
